begin;
    create table account(
        id int primary key
    );
    create table address(
        id int primary key,
        account_id int not null references account(id)
    );
    select jsonb_pretty(
        graphql.resolve($$
        {
          __type(name: "Account") {
            kind
            fields {
              name
              type {
                name
                kind
                ofType { name }
              }
            }
          }
        }
        $$)
    );
                     jsonb_pretty                     
------------------------------------------------------
 {                                                   +
     "data": {                                       +
         "__type": {                                 +
             "kind": "OBJECT",                       +
             "fields": [                             +
                 {                                   +
                     "name": "nodeId",               +
                     "type": {                       +
                         "kind": "NON_NULL",         +
                         "name": null,               +
                         "ofType": {                 +
                             "name": "ID"            +
                         }                           +
                     }                               +
                 },                                  +
                 {                                   +
                     "name": "id",                   +
                     "type": {                       +
                         "kind": "NON_NULL",         +
                         "name": null,               +
                         "ofType": {                 +
                             "name": "Int"           +
                         }                           +
                     }                               +
                 },                                  +
                 {                                   +
                     "name": "addressCollection",    +
                     "type": {                       +
                         "kind": "OBJECT",           +
                         "name": "AddressConnection",+
                         "ofType": null              +
                     }                               +
                 }                                   +
             ]                                       +
         }                                           +
     }                                               +
 }
(1 row)

    select jsonb_pretty(
        graphql.resolve($$
        {
          __type(name: "Address") {
            kind
            fields {
              name
              type {
                name
                kind
                ofType { name }
              }
            }
          }
        }
        $$)
    );
                 jsonb_pretty                  
-----------------------------------------------
 {                                            +
     "data": {                                +
         "__type": {                          +
             "kind": "OBJECT",                +
             "fields": [                      +
                 {                            +
                     "name": "nodeId",        +
                     "type": {                +
                         "kind": "NON_NULL",  +
                         "name": null,        +
                         "ofType": {          +
                             "name": "ID"     +
                         }                    +
                     }                        +
                 },                           +
                 {                            +
                     "name": "id",            +
                     "type": {                +
                         "kind": "NON_NULL",  +
                         "name": null,        +
                         "ofType": {          +
                             "name": "Int"    +
                         }                    +
                     }                        +
                 },                           +
                 {                            +
                     "name": "accountId",     +
                     "type": {                +
                         "kind": "NON_NULL",  +
                         "name": null,        +
                         "ofType": {          +
                             "name": "Int"    +
                         }                    +
                     }                        +
                 },                           +
                 {                            +
                     "name": "account",       +
                     "type": {                +
                         "kind": "NON_NULL",  +
                         "name": null,        +
                         "ofType": {          +
                             "name": "Account"+
                         }                    +
                     }                        +
                 }                            +
             ]                                +
         }                                    +
     }                                        +
 }
(1 row)

    alter table account enable row level security;
    select jsonb_pretty(
        graphql.resolve($$
        {
          __type(name: "Account") {
            kind
            fields {
              name
              type {
                name
                kind
                ofType { name }
              }
            }
          }
        }
        $$)
    );
                     jsonb_pretty                     
------------------------------------------------------
 {                                                   +
     "data": {                                       +
         "__type": {                                 +
             "kind": "OBJECT",                       +
             "fields": [                             +
                 {                                   +
                     "name": "nodeId",               +
                     "type": {                       +
                         "kind": "NON_NULL",         +
                         "name": null,               +
                         "ofType": {                 +
                             "name": "ID"            +
                         }                           +
                     }                               +
                 },                                  +
                 {                                   +
                     "name": "id",                   +
                     "type": {                       +
                         "kind": "NON_NULL",         +
                         "name": null,               +
                         "ofType": {                 +
                             "name": "Int"           +
                         }                           +
                     }                               +
                 },                                  +
                 {                                   +
                     "name": "addressCollection",    +
                     "type": {                       +
                         "kind": "OBJECT",           +
                         "name": "AddressConnection",+
                         "ofType": null              +
                     }                               +
                 }                                   +
             ]                                       +
         }                                           +
     }                                               +
 }
(1 row)

    select jsonb_pretty(
        graphql.resolve($$
        {
          __type(name: "Address") {
            kind
            fields {
              name
              type {
                name
                kind
                ofType { name }
              }
            }
          }
        }
        $$)
    );
                jsonb_pretty                 
---------------------------------------------
 {                                          +
     "data": {                              +
         "__type": {                        +
             "kind": "OBJECT",              +
             "fields": [                    +
                 {                          +
                     "name": "nodeId",      +
                     "type": {              +
                         "kind": "NON_NULL",+
                         "name": null,      +
                         "ofType": {        +
                             "name": "ID"   +
                         }                  +
                     }                      +
                 },                         +
                 {                          +
                     "name": "id",          +
                     "type": {              +
                         "kind": "NON_NULL",+
                         "name": null,      +
                         "ofType": {        +
                             "name": "Int"  +
                         }                  +
                     }                      +
                 },                         +
                 {                          +
                     "name": "accountId",   +
                     "type": {              +
                         "kind": "NON_NULL",+
                         "name": null,      +
                         "ofType": {        +
                             "name": "Int"  +
                         }                  +
                     }                      +
                 },                         +
                 {                          +
                     "name": "account",     +
                     "type": {              +
                         "kind": "OBJECT",  +
                         "name": "Account", +
                         "ofType": null     +
                     }                      +
                 }                          +
             ]                              +
         }                                  +
     }                                      +
 }
(1 row)

    alter table account disable row level security;
    alter table address enable row level security;
    select jsonb_pretty(
        graphql.resolve($$
        {
          __type(name: "Account") {
            kind
            fields {
              name
              type {
                name
                kind
                ofType { name }
              }
            }
          }
        }
        $$)
    );
                     jsonb_pretty                     
------------------------------------------------------
 {                                                   +
     "data": {                                       +
         "__type": {                                 +
             "kind": "OBJECT",                       +
             "fields": [                             +
                 {                                   +
                     "name": "nodeId",               +
                     "type": {                       +
                         "kind": "NON_NULL",         +
                         "name": null,               +
                         "ofType": {                 +
                             "name": "ID"            +
                         }                           +
                     }                               +
                 },                                  +
                 {                                   +
                     "name": "id",                   +
                     "type": {                       +
                         "kind": "NON_NULL",         +
                         "name": null,               +
                         "ofType": {                 +
                             "name": "Int"           +
                         }                           +
                     }                               +
                 },                                  +
                 {                                   +
                     "name": "addressCollection",    +
                     "type": {                       +
                         "kind": "OBJECT",           +
                         "name": "AddressConnection",+
                         "ofType": null              +
                     }                               +
                 }                                   +
             ]                                       +
         }                                           +
     }                                               +
 }
(1 row)

    select jsonb_pretty(
        graphql.resolve($$
        {
          __type(name: "Address") {
            kind
            fields {
              name
              type {
                name
                kind
                ofType { name }
              }
            }
          }
        }
        $$)
    );
                 jsonb_pretty                  
-----------------------------------------------
 {                                            +
     "data": {                                +
         "__type": {                          +
             "kind": "OBJECT",                +
             "fields": [                      +
                 {                            +
                     "name": "nodeId",        +
                     "type": {                +
                         "kind": "NON_NULL",  +
                         "name": null,        +
                         "ofType": {          +
                             "name": "ID"     +
                         }                    +
                     }                        +
                 },                           +
                 {                            +
                     "name": "id",            +
                     "type": {                +
                         "kind": "NON_NULL",  +
                         "name": null,        +
                         "ofType": {          +
                             "name": "Int"    +
                         }                    +
                     }                        +
                 },                           +
                 {                            +
                     "name": "accountId",     +
                     "type": {                +
                         "kind": "NON_NULL",  +
                         "name": null,        +
                         "ofType": {          +
                             "name": "Int"    +
                         }                    +
                     }                        +
                 },                           +
                 {                            +
                     "name": "account",       +
                     "type": {                +
                         "kind": "NON_NULL",  +
                         "name": null,        +
                         "ofType": {          +
                             "name": "Account"+
                         }                    +
                     }                        +
                 }                            +
             ]                                +
         }                                    +
     }                                        +
 }
(1 row)

rollback;
