begin;
    create table account(
        id serial primary key,
        email varchar(255) not null
    );
    comment on table public.account is E'@graphql({"name": "UserAccount"})';
    select jsonb_pretty(
        jsonb_path_query(
            graphql.resolve($$
                query IntrospectionQuery {
                  __schema {
                    types {
                      name
                    }
                  }
                }
            $$),
            '$.data.__schema.types[*].name ? (@ starts with "UserAccount")'
        )
    );
        jsonb_pretty         
-----------------------------
 "UserAccount"
 "UserAccountConnection"
 "UserAccountDeleteResponse"
 "UserAccountEdge"
 "UserAccountFilter"
 "UserAccountInsertInput"
 "UserAccountInsertResponse"
 "UserAccountOrderBy"
 "UserAccountUpdateInput"
 "UserAccountUpdateResponse"
(10 rows)

rollback;
