begin;
    savepoint a;
    create table account(
        id serial primary key
    );
    -- Should be visible because it has a primary ky
    select jsonb_pretty(
        graphql.resolve($$
        {
          __type(name: "Account") {
            name
          }
        }
        $$)
    );
         jsonb_pretty          
-------------------------------
 {                            +
     "data": {                +
         "__type": {          +
             "name": "Account"+
         }                    +
     }                        +
 }
(1 row)

    rollback to savepoint a;
    create table account(
        id serial
    );
    -- Should NOT be visible because it does not have a primary ky
    select jsonb_pretty(
        graphql.resolve($$
        {
          __type(name: "Account") {
            name
          }
        }
        $$)
    );
      jsonb_pretty      
------------------------
 {                     +
     "data": {         +
         "__type": null+
     }                 +
 }
(1 row)

rollback;
