select graphql.resolve($$
{ { {
    shouldFail
  }
}
$$);
                                                      resolve                                                      
-------------------------------------------------------------------------------------------------------------------
 {"errors": [{"message": "query parse error: Parse error at 2:3\nUnexpected `{[Punctuator]`\nExpected `Name`\n"}]}
(1 row)

